// Jest Snapshot v1, https://goo.gl/fbAQLP

exports[`calendar returns array of days 1`] = `
Array [
  Array [
    0,
    0,
    1,
    2,
    3,
    4,
    5,
  ],
  Array [
    6,
    7,
    8,
    9,
    10,
    11,
    12,
  ],
  Array [
    13,
    14,
    15,
    16,
    17,
    18,
    19,
  ],
  Array [
    20,
    21,
    22,
    23,
    24,
    25,
    26,
  ],
  Array [
    27,
    28,
    29,
    30,
    31,
    0,
    0,
  ],
]
`;
